// Jest Snapshot v1, https://goo.gl/fbAQLP

exports[`MovieCard tests renders MovieImage 1`] = `
<DocumentFragment>
  <div
    class="noImageWrapper"
  />
</DocumentFragment>
`;
